\BOOKMARK [1][-]{section.1}{\376\377\000G\000i\036\333\000i\000\040\000t\000h\000i\036\307\000u\000\040\000\050\000I\000n\000t\000r\000o\000d\000u\000c\000t\000i\000o\000n\000\051}{}% 1
\BOOKMARK [2][-]{subsection.1.1}{\376\377\000P\000r\000o\000j\000e\000c\000t\000\040\000B\000a\000c\000k\000g\000r\000o\000u\000n\000d}{section.1}% 2
\BOOKMARK [2][-]{subsection.1.2}{\376\377\000P\000r\000o\000b\000l\000e\000m\000\040\000S\000t\000a\000t\000e\000m\000e\000n\000t}{section.1}% 3
\BOOKMARK [2][-]{subsection.1.3}{\376\377\000P\000r\000o\000j\000e\000c\000t\000\040\000O\000b\000j\000e\000c\000t\000i\000v\000e\000s}{section.1}% 4
\BOOKMARK [2][-]{subsection.1.4}{\376\377\000P\000r\000o\000j\000e\000c\000t\000\040\000S\000c\000o\000p\000e}{section.1}% 5
\BOOKMARK [1][-]{section.2}{\376\377\000N\000g\000h\000i\000\352\000n\000\040\000c\036\351\000u\000\040\000n\000g\001\260\036\335\000i\000\040\000d\000\371\000n\000g\000\040\000\050\000U\000s\000e\000r\000\040\000R\000e\000s\000e\000a\000r\000c\000h\000\051}{}% 6
\BOOKMARK [2][-]{subsection.2.1}{\376\377\000T\000a\000r\000g\000e\000t\000\040\000U\000s\000e\000r\000s}{section.2}% 7
\BOOKMARK [2][-]{subsection.2.2}{\376\377\000R\000e\000s\000e\000a\000r\000c\000h\000\040\000M\000e\000t\000h\000o\000d\000s}{section.2}% 8
\BOOKMARK [2][-]{subsection.2.3}{\376\377\000R\000e\000s\000e\000a\000r\000c\000h\000\040\000F\000i\000n\000d\000i\000n\000g\000s}{section.2}% 9
\BOOKMARK [2][-]{subsection.2.4}{\376\377\000U\000s\000e\000r\000\040\000N\000e\000e\000d\000s\000\040\000/\000\040\000P\000a\000i\000n\000\040\000P\000o\000i\000n\000t\000s}{section.2}% 10
\BOOKMARK [2][-]{subsection.2.5}{\376\377\000P\000e\000r\000s\000o\000n\000a\000s}{section.2}% 11
\BOOKMARK [1][-]{section.3}{\376\377\000Y\000\352\000u\000\040\000c\036\247\000u\000\040\000v\000\340\000\040\000m\036\345\000c\000\040\000t\000i\000\352\000u\000\040\000t\000h\000i\036\277\000t\000\040\000k\036\277\000\040\000\050\000R\000e\000q\000u\000i\000r\000e\000m\000e\000n\000t\000s\000\040\000\046\000\040\000D\000e\000s\000i\000g\000n\000\040\000G\000o\000a\000l\000s\000\051}{}% 12
\BOOKMARK [2][-]{subsection.3.1}{\376\377\000U\000s\000e\000r\000\040\000R\000e\000q\000u\000i\000r\000e\000m\000e\000n\000t\000s}{section.3}% 13
\BOOKMARK [2][-]{subsection.3.2}{\376\377\000U\000s\000a\000b\000i\000l\000i\000t\000y\000\040\000G\000o\000a\000l\000s}{section.3}% 14
\BOOKMARK [2][-]{subsection.3.3}{\376\377\000D\000e\000s\000i\000g\000n\000\040\000G\000o\000a\000l\000s}{section.3}% 15
\BOOKMARK [1][-]{section.4}{\376\377\000P\000h\000\342\000n\000\040\000t\000\355\000c\000h\000\040\000h\036\307\000\040\000t\000h\036\321\000n\000g\000\040\000v\000\340\000\040\000t\000r\036\243\000i\000\040\000n\000g\000h\000i\036\307\000m\000\040\000h\000i\036\307\000n\000\040\000t\036\241\000i\000\040\000\050\000E\000x\000i\000s\000t\000i\000n\000g\000\040\000S\000y\000s\000t\000e\000m\000\040\000A\000n\000a\000l\000y\000s\000i\000s\000\051}{}% 16
\BOOKMARK [2][-]{subsection.4.1}{\376\377\000E\000x\000i\000s\000t\000i\000n\000g\000\040\000S\000y\000s\000t\000e\000m\000\040\000/\000\040\000E\000x\000i\000s\000t\000i\000n\000g\000\040\000I\000n\000t\000e\000r\000f\000a\000c\000e}{section.4}% 17
\BOOKMARK [2][-]{subsection.4.2}{\376\377\000T\000a\000s\000k\000\040\000A\000n\000a\000l\000y\000s\000i\000s}{section.4}% 18
\BOOKMARK [2][-]{subsection.4.3}{\376\377\000U\000s\000e\000r\000\040\000F\000l\000o\000w\000\040\000/\000\040\000T\000a\000s\000k\000\040\000F\000l\000o\000w}{section.4}% 19
\BOOKMARK [2][-]{subsection.4.4}{\376\377\000U\000s\000a\000b\000i\000l\000i\000t\000y\000\040\000P\000r\000o\000b\000l\000e\000m\000s}{section.4}% 20
\BOOKMARK [1][-]{section.5}{\376\377\000Q\000u\000\341\000\040\000t\000r\000\354\000n\000h\000\040\000t\000h\000i\036\277\000t\000\040\000k\036\277\000\040\000\050\000D\000e\000s\000i\000g\000n\000\040\000P\000r\000o\000c\000e\000s\000s\000\051}{}% 21
\BOOKMARK [2][-]{subsection.5.1}{\376\377\000I\000n\000f\000o\000r\000m\000a\000t\000i\000o\000n\000\040\000A\000r\000c\000h\000i\000t\000e\000c\000t\000u\000r\000e}{section.5}% 22
\BOOKMARK [2][-]{subsection.5.2}{\376\377\000U\000s\000e\000r\000\040\000F\000l\000o\000w}{section.5}% 23
\BOOKMARK [2][-]{subsection.5.3}{\376\377\000I\000d\000e\000a\000t\000i\000o\000n}{section.5}% 24
\BOOKMARK [2][-]{subsection.5.4}{\376\377\000S\000t\000o\000r\000y\000b\000o\000a\000r\000d\000s}{section.5}% 25
\BOOKMARK [2][-]{subsection.5.5}{\376\377\000W\000i\000r\000e\000f\000r\000a\000m\000e\000s}{section.5}% 26
\BOOKMARK [2][-]{subsection.5.6}{\376\377\000D\000e\000s\000i\000g\000n\000\040\000A\000l\000t\000e\000r\000n\000a\000t\000i\000v\000e\000s}{section.5}% 27
\BOOKMARK [1][-]{section.6}{\376\377\000T\000h\000i\036\277\000t\000\040\000k\036\277\000\040\000P\000r\000o\000t\000o\000t\000y\000p\000e\000\040\000\050\000P\000r\000o\000t\000o\000t\000y\000p\000e\000\040\000D\000e\000s\000i\000g\000n\000\051}{}% 28
\BOOKMARK [2][-]{subsection.6.1}{\376\377\000P\000r\000o\000t\000o\000t\000y\000p\000e\000\040\000O\000v\000e\000r\000v\000i\000e\000w}{section.6}% 29
\BOOKMARK [2][-]{subsection.6.2}{\376\377\000P\000r\000o\000t\000o\000t\000y\000p\000e\000\040\000S\000c\000r\000e\000e\000n\000s}{section.6}% 30
\BOOKMARK [2][-]{subsection.6.3}{\376\377\000I\000n\000t\000e\000r\000a\000c\000t\000i\000o\000n\000\040\000D\000e\000s\000i\000g\000n}{section.6}% 31
\BOOKMARK [2][-]{subsection.6.4}{\376\377\000D\000e\000s\000i\000g\000n\000\040\000R\000a\000t\000i\000o\000n\000a\000l\000e}{section.6}% 32
\BOOKMARK [1][-]{section.7}{\376\377\001\020\000\341\000n\000h\000\040\000g\000i\000\341\000\040\000t\000h\000i\036\277\000t\000\040\000k\036\277\000\040\000\050\000D\000e\000s\000i\000g\000n\000\040\000E\000v\000a\000l\000u\000a\000t\000i\000o\000n\000\051}{}% 33
\BOOKMARK [2][-]{subsection.7.1}{\376\377\000E\000v\000a\000l\000u\000a\000t\000i\000o\000n\000\040\000O\000b\000j\000e\000c\000t\000i\000v\000e\000s}{section.7}% 34
\BOOKMARK [2][-]{subsection.7.2}{\376\377\000E\000v\000a\000l\000u\000a\000t\000i\000o\000n\000\040\000M\000e\000t\000h\000o\000d}{section.7}% 35
\BOOKMARK [2][-]{subsection.7.3}{\376\377\000P\000a\000r\000t\000i\000c\000i\000p\000a\000n\000t\000s}{section.7}% 36
\BOOKMARK [2][-]{subsection.7.4}{\376\377\000T\000a\000s\000k\000s}{section.7}% 37
\BOOKMARK [2][-]{subsection.7.5}{\376\377\000M\000e\000t\000r\000i\000c\000s}{section.7}% 38
\BOOKMARK [2][-]{subsection.7.6}{\376\377\000P\000r\000o\000c\000e\000d\000u\000r\000e}{section.7}% 39
\BOOKMARK [2][-]{subsection.7.7}{\376\377\000R\000e\000s\000u\000l\000t\000s}{section.7}% 40
\BOOKMARK [2][-]{subsection.7.8}{\376\377\000D\000i\000s\000c\000u\000s\000s\000i\000o\000n}{section.7}% 41
\BOOKMARK [1][-]{section.8}{\376\377\000T\000h\000i\036\277\000t\000\040\000k\036\277\000\040\000c\000u\036\321\000i\000\040\000c\000\371\000n\000g\000\040\000\050\000F\000i\000n\000a\000l\000\040\000D\000e\000s\000i\000g\000n\000\051}{}% 42
\BOOKMARK [2][-]{subsection.8.1}{\376\377\000F\000i\000n\000a\000l\000\040\000P\000r\000o\000t\000o\000t\000y\000p\000e}{section.8}% 43
\BOOKMARK [2][-]{subsection.8.2}{\376\377\000K\000e\000y\000\040\000D\000e\000s\000i\000g\000n\000\040\000I\000m\000p\000r\000o\000v\000e\000m\000e\000n\000t\000s}{section.8}% 44
\BOOKMARK [2][-]{subsection.8.3}{\376\377\000B\000e\000f\000o\000r\000e\000\040\000v\000s\000.\000\040\000A\000f\000t\000e\000r}{section.8}% 45
\BOOKMARK [1][-]{section.9}{\376\377\000K\036\277\000t\000\040\000l\000u\036\255\000n\000\040\000\050\000C\000o\000n\000c\000l\000u\000s\000i\000o\000n\000\051}{}% 46
\BOOKMARK [2][-]{subsection.9.1}{\376\377\000S\000u\000m\000m\000a\000r\000y}{section.9}% 47
\BOOKMARK [2][-]{subsection.9.2}{\376\377\000C\000o\000n\000t\000r\000i\000b\000u\000t\000i\000o\000n\000s}{section.9}% 48
\BOOKMARK [2][-]{subsection.9.3}{\376\377\000L\000i\000m\000i\000t\000a\000t\000i\000o\000n\000s}{section.9}% 49
\BOOKMARK [2][-]{subsection.9.4}{\376\377\000F\000u\000t\000u\000r\000e\000\040\000W\000o\000r\000k}{section.9}% 50
\BOOKMARK [1][-]{section*.2}{\376\377\000A\000c\000k\000n\000o\000w\000l\000e\000d\000g\000e\000m\000e\000n\000t}{}% 51
\BOOKMARK [1][-]{section*.3}{\376\377\000T\000\340\000i\000\040\000l\000i\036\307\000u\000\040\000t\000h\000a\000m\000\040\000k\000h\036\243\000o}{}% 52
\BOOKMARK [1][-]{appendix.A}{\376\377\000M\000a\000\040\000t\000r\036\255\000n\000\040\000C\000l\000a\000i\000m\000\040\040\023\000\040\000E\000v\000i\000d\000e\000n\000c\000e}{}% 53
\BOOKMARK [1][-]{appendix.B}{\376\377\000B\036\243\000n\000g\000\040\000p\000h\000\342\000n\000\040\000c\000\364\000n\000g\000\040\000v\000\340\000\040\001\020\000\363\000n\000g\000\040\000g\000\363\000p\000\040\000t\000h\000\340\000n\000h\000\040\000v\000i\000\352\000n}{}% 54
